12-22 14:55:42.835  4349  4358 I LSAPP_LocMon: onLocationChanged() :Location[mProvider=network,mTime=1293051342827,mLatitude=42.3355467,mLongitude=-88.1123918,mHasAltitude=false,mAltitude=0.0,mHasSpeed=false,mSpeed=0.0,mHasBearing=false,mBearing=0.0,mHasAccuracy=true,mAccuracy=42.0,mExtras=Bundle[mParcelledData.dataSize=148]]
12-22 14:55:42.842  4349  4358 I LSAPP_LocMon: Sending Message to caller..either LSMan or LSDet..by this instance's caller handler
12-22 14:55:42.842  4349  4358 I LSAPP_LSDet: processMessage() : LOCATION_UPDATE available from Location monitor
12-22 14:55:42.842  4349  4358 I LSAPP_LSDet: checkPOIState : loc update from loc mon: lat:lgt=42.335546::-88.112391
12-22 14:55:42.944  4349  4358 I LSAPP_LSDet: *** checkPoiDistance :: Work measured lat:lgt:accu=42.335546:-88.112391:42 :: Poi Lat:lgt=42.2885:-88.0003 : dist=10616.559: enteringR=92
12-22 14:55:42.944  4349  4358 I LSAPP_LSDet: *** checkPoiDistance :: Home measured lat:lgt:accu=42.335546:-88.112391:42 :: Poi Lat:lgt=42.1066:-88.1084 : dist=25432.902: enteringR=92
12-22 14:55:42.944  4349  4358 I LSAPP_LSDet: *** checkPoiDistance :: R1 measured lat:lgt:accu=42.335546:-88.112391:42 :: Poi Lat:lgt=42.300809:-88.014243 : dist=8963.975: enteringR=92
12-22 14:55:42.952  4349  4358 I LSAPP_LSDet: *** checkPoiDistance :: R2 measured lat:lgt:accu=42.335546:-88.112391:42 :: Poi Lat:lgt=42.33249:-88.104054 : dist=766.3832: enteringR=92
12-22 14:55:42.952  4349  4358 I LSAPP_LSDet: *** checkPoiDistance :: R3 measured lat:lgt:accu=42.335546:-88.112391:42 :: Poi Lat:lgt=42.322035:-88.163594 : dist=4479.21: enteringR=92
12-22 14:55:42.952  4349  4358 I LSAPP_LSDet: *** checkPoiDistance :: R4 measured lat:lgt:accu=42.335546:-88.112391:42 :: Poi Lat:lgt=42.345424:-88.292889 : dist=14914.824: enteringR=92
12-22 14:55:42.952  4349  4358 I LSAPP_LSDet: *** checkPoiDistance :: R$ measured lat:lgt:accu=42.335546:-88.112391:42 :: Poi Lat:lgt=42.347957:-88.273696 : dist=13363.792: enteringR=92
12-22 14:55:42.952  4349  4358 I LSAPP_LSDet: *** checkPoiDistance :: R6 measured lat:lgt:accu=42.335546:-88.112391:42 :: Poi Lat:lgt=42.35684:-88.408009 : dist=24473.533: enteringR=92
12-22 14:55:42.960  4349  4358 I LSAPP_LSDet: Detection checkPoiDistance :: delayed leaving thru beacon check...current POI:R3 : dist=4479.21 :accu=42leavingR=92
12-22 14:55:42.960  4349  4358 I LSAPP_LSDet: Detection checkPoiDistance failed to find location dist to any poi...moving to unknown location
12-22 14:55:43.178  4349  4358 I LSAPP_Beacon: toggleWifi: do nothing : action=true: curWifiState=ENABLE SaveState=ENABLE
12-22 14:55:43.178  4349  4358 I LSAPP_Beacon: startBeaconScan...upon settle down POI=R3
12-22 14:55:43.178  4349  4358 I LSAPP_LSDet: Fast Dection scanBeaconUponLeave : leaving POI :R3
12-22 14:55:43.178  4349  4358 I LSAPP_LSDet: Fast Dection check Leaving thrashing : delayed leave POI :R3
12-22 14:55:43.178  4349  4358 I LSAPP_DBG: Fast Detection : Beacon checking to Prepare notify VSM : Leaving POI >>>: : R3 : {lat:lgt:accuracy:42.335546:-88.112391:42} : 
12-22 14:55:43.311  4349  4358 I LSAPP_TelMon: getBouncingCells :: [{"Lac":"65535","CntryISO":"us","NetTyp":"GSM","NetOp":"310260","Cid":"-1"}, {"Lac":"7862","CntryISO":"us","NetTyp":"GSM","NetOp":"310260","Cid":"26434031"}, {"Lac":"7875","CntryISO":"us","NetTyp":"GSM","NetOp":"310260","Cid":"26423060"}, {"Lac":"7875","CntryISO":"us","NetTyp":"GSM","NetOp":"310260","Cid":"26443350"}]
12-22 14:55:43.311  4349  4358 I LSAPP_LSDet: checkCellPoi bouncing cells:: {"Lac":"65535","CntryISO":"us","NetTyp":"GSM","NetOp":"310260","Cid":"-1"}&&{"Lac":"7862","CntryISO":"us","NetTyp":"GSM","NetOp":"310260","Cid":"26434031"}&&{"Lac":"7875","CntryISO":"us","NetTyp":"GSM","NetOp":"310260","Cid":"26423060"}&&{"Lac":"7875","CntryISO":"us","NetTyp":"GSM","NetOp":"310260","Cid":"26443350"}
12-22 14:55:43.311  4349  4358 I LSAPP_LSDet: checkCellPoi : POI entry :Work
12-22 14:55:43.311  4349  4358 I LSAPP_Utils: JsonStringSubset : filter out invalid cell json: {"Lac":"65535","CntryISO":"us","NetTyp":"GSM","NetOp":"310260","Cid":"-1"}
12-22 14:55:43.311  4349  4358 I LSAPP_Utils: StringSubset : fuzzy match false : matchcount=0:minsize=1 distinct sets ::{"Lac":"7874","CntryISO":"us","NetTyp":"GSM","NetOp":"310260","Cid":"46087220"}&&{"Lac":"7874","CntryISO":"us","NetTyp":"GSM","NetOp":"310260","Cid":"46087259"}&&{"Lac":"7893","CntryISO":"us","NetTyp":"GSM","NetOp":"310260","Cid":"46083791"} !! {"Lac":"65535","CntryISO":"us","NetTyp":"GSM","NetOp":"310260","Cid":"-1"}&&{"Lac":"7862","CntryISO":"us","NetTyp":"GSM","NetOp":"310260","Cid":"26434031"}&&{"Lac":"7875","CntryISO":"us","NetTyp":"GSM","NetOp":"310260","Cid":"26423060"}&&{"Lac":"7875","CntryISO":"us","NetTyp":"GSM","NetOp":"310260","Cid":"26443350"}
12-22 14:55:43.311  4349  4358 I LSAPP_LSDet: checkCellPoi : POI entry :Home
12-22 14:55:43.311  4349  4358 I LSAPP_Utils: JsonStringSubset : filter out invalid cell json: {"Lac":"65535","CntryISO":"us","NetTyp":"GSM","NetOp":"310260","Cid":"-1"}
12-22 14:55:43.311  4349  4358 I LSAPP_Utils: StringSubset : fuzzy match false : matchcount=0:minsize=0 distinct sets ::{"Lac":"7182","CntryISO":"us","NetTyp":"GSM","NetOp":"310260","Cid":"85405740"} !! {"Lac":"65535","CntryISO":"us","NetTyp":"GSM","NetOp":"310260","Cid":"-1"}&&{"Lac":"7862","CntryISO":"us","NetTyp":"GSM","NetOp":"310260","Cid":"26434031"}&&{"Lac":"7875","CntryISO":"us","NetTyp":"GSM","NetOp":"310260","Cid":"26423060"}&&{"Lac":"7875","CntryISO":"us","NetTyp":"GSM","NetOp":"310260","Cid":"26443350"}
12-22 14:55:43.311  4349  4358 I LSAPP_LSDet: checkCellPoi : POI entry :R1
12-22 14:55:43.311  4349  4358 I LSAPP_Utils: JsonStringSubset : filter out invalid cell json: {"Lac":"65535","CntryISO":"us","NetTyp":"GSM","NetOp":"310260","Cid":"-1"}
12-22 14:55:43.311  4349  4358 I LSAPP_Utils: StringSubset : fuzzy match false : matchcount=0:minsize=0 distinct sets ::{"Lac":"7893","CntryISO":"us","NetTyp":"GSM","NetOp":"310260","Cid":"46083989"} !! {"Lac":"65535","CntryISO":"us","NetTyp":"GSM","NetOp":"310260","Cid":"-1"}&&{"Lac":"7862","CntryISO":"us","NetTyp":"GSM","NetOp":"310260","Cid":"26434031"}&&{"Lac":"7875","CntryISO":"us","NetTyp":"GSM","NetOp":"310260","Cid":"26423060"}&&{"Lac":"7875","CntryISO":"us","NetTyp":"GSM","NetOp":"310260","Cid":"26443350"}
12-22 14:55:43.311  4349  4358 I LSAPP_LSDet: checkCellPoi : POI entry :R2
12-22 14:55:43.311  4349  4358 I LSAPP_Utils: StringSubset :{"Lac":"65535","CntryISO":"us","NetTyp":"GSM","NetOp":"310260","Cid":"-1"}&&{"Lac":"7862","CntryISO":"us","NetTyp":"GSM","NetOp":"310260","Cid":"26434031"}&&{"Lac":"7875","CntryISO":"us","NetTyp":"GSM","NetOp":"310260","Cid":"26423060"}&&{"Lac":"7875","CntryISO":"us","NetTyp":"GSM","NetOp":"310260","Cid":"26443350"} contains celljon ::{"Lac":"7875","CntryISO":"us","NetTyp":"GSM","NetOp":"310260","Cid":"26443350"}
12-22 14:55:43.311  4349  4358 I LSAPP_Utils: StringSubset : single match true : sets ::{"Lac":"7875","CntryISO":"us","NetTyp":"GSM","NetOp":"310260","Cid":"26443350"} :: {"Lac":"65535","CntryISO":"us","NetTyp":"GSM","NetOp":"310260","Cid":"-1"}&&{"Lac":"7862","CntryISO":"us","NetTyp":"GSM","NetOp":"310260","Cid":"26434031"}&&{"Lac":"7875","CntryISO":"us","NetTyp":"GSM","NetOp":"310260","Cid":"26423060"}&&{"Lac":"7875","CntryISO":"us","NetTyp":"GSM","NetOp":"310260","Cid":"26443350"}
12-22 14:55:43.311  4349  4358 I LSAPP_Utils: JsonStringSubset : filter out invalid cell json: {"Lac":"65535","CntryISO":"us","NetTyp":"GSM","NetOp":"310260","Cid":"-1"}
12-22 14:55:43.311  4349  4358 I LSAPP_LSDet: checkCellPoi matches tuple :: R2 ::value::poi, _id=26, poi=R2, lat=42.33249, lgt=-88.104054, radius=1500, addr=32400 N Bacon Rd Grayslake, IL 60030 , name=32400 N Bacon Rd Grayslake, IL 60030 , celljson={"Lac":"7875","CntryISO":"us","NetTyp":"GSM","NetOp":"310260","Cid":"26443350"}, wifimac=null, wificonnmac=null, btmac=null, time=0
12-22 14:55:44.655  4349  4349 D LSAPP_Beacon: getWifiJson: ScanResult :00:24:56:70:aa:e9
12-22 14:55:44.655  4349  4349 D LSAPP_Beacon: getWifiJson: ScanResult :30:46:9a:81:5d:a9
12-22 14:55:44.663  4349  4349 D LSAPP_Beacon: getWifiJson: ScanResult :48:5b:39:c8:6c:f2
12-22 14:55:44.663  4349  4349 D LSAPP_Beacon: getWifiJson: ScanResult :00:25:3c:5a:4c:41
12-22 14:55:44.663  4349  4349 D LSAPP_Beacon: getWifiJson: ScanResult :00:15:6d:72:37:3b
12-22 14:55:44.663  4349  4349 I LSAPP_Beacon: notifyAllCallers : notify caller POI=R3 caller:Handler{45ef10a0}
12-22 14:55:44.663  4349  4358 I LSAPP_LSDet: processMessage() : BEACONSCAN_RESULT Async done....check beacon scan results.
12-22 14:55:44.663  4349  4358 I LSAPP_LSDet: checkBeaconScanResult: checkLeavingThrashing : Beacon check: no match...Leaving POI :R3
12-22 14:55:44.663  4349  4358 I LSAPP_DBG: Detection Debouncing : moving into or leaving =false still deboucing with count=-1 : 
12-22 14:55:45.022  4349  4358 I LSAPP_LSDet: Detection leavingPOI :: notify VSM : OFF Wifi : Leaving Location POI >>> ::R3
12-22 14:55:45.038  4349  4358 D LSAPP_VSM: Sending : com.motorola.situation.PROXY with params #sensor;name=com.motorola.virtualsensor.Meaningfullocation;p0=Transient;end;
12-22 14:55:45.053  4349  4358 I LSAPP_DBG: Transient : #Intent;action=com.motorola.situation.VSENSOR;S.android.intent.extra.TEXT=%23sensor%3Bname%3Dcom.motorola.virtualsensor.Meaningfullocation%3Bp0%3DTransient%3Bend%3B;end : 
12-22 14:55:45.928  4349  4358 I LSAPP_DBG: Fast Detection : notify VSM >>>Leaving POI: : R3: Wifi Off : 
12-22 14:55:46.319  4349  4358 I LSAPP_Beacon: toggleWifi :: OFF: leave wifi on because not turned on by me !
12-22 14:56:33.850  4349  4349 I LSAPP_TelMon: GSM :: cur_val : {"Lac":"7875","CntryISO":"us","NetTyp":"GSM","NetOp":"310260","Cid":"26443350"} new_val: {"Lac":"7875","CntryISO":"us","NetTyp":"GSM","NetOp":"310260","Cid":"26443350"}
12-22 14:56:33.850  4349  4349 I LSAPP_TelMon: onCellTowerChanged :: cur_val : {"Lac":"7875","CntryISO":"us","NetTyp":"GSM","NetOp":"310260","Cid":"26443350"}
12-22 14:56:33.897  4349  4349 I LSAPP_TelMon: Telmon : celltower changed..cell has seen, it is bouncing....filter out : {"Lac":"7875","CntryISO":"us","NetTyp":"GSM","NetOp":"310260","Cid":"26443350"}
12-22 14:56:33.897  4349  4349 I LSAPP_TelMon: celltower did not change based on last cell info(lac, cid)...filter out{"Lac":"7875","CntryISO":"us","NetTyp":"GSM","NetOp":"310260","Cid":"26443350"}
12-22 14:56:33.897  4349  4349 I LSAPP_TelMon: TelMon : celltower changed....sending to location detection anyway !{"Lac":"7875","CntryISO":"us","NetTyp":"GSM","NetOp":"310260","Cid":"26443350"}
12-22 14:56:33.905  4349  4358 I LSAPP_LSDet: processMessage() : START_DETECTION
12-22 14:56:33.905  4349  4358 I LSAPP_TelMon: getBouncingCells :: [{"Lac":"7862","CntryISO":"us","NetTyp":"GSM","NetOp":"310260","Cid":"26434031"}, {"Lac":"7875","CntryISO":"us","NetTyp":"GSM","NetOp":"310260","Cid":"26423060"}, {"Lac":"7875","CntryISO":"us","NetTyp":"GSM","NetOp":"310260","Cid":"26443350"}]
12-22 14:56:33.905  4349  4358 I LSAPP_LSDet: checkCellPoi bouncing cells:: {"Lac":"7862","CntryISO":"us","NetTyp":"GSM","NetOp":"310260","Cid":"26434031"}&&{"Lac":"7875","CntryISO":"us","NetTyp":"GSM","NetOp":"310260","Cid":"26423060"}&&{"Lac":"7875","CntryISO":"us","NetTyp":"GSM","NetOp":"310260","Cid":"26443350"}
12-22 14:56:33.905  4349  4358 I LSAPP_LSDet: checkCellPoi : POI entry :Work
12-22 14:56:33.905  4349  4358 I LSAPP_Utils: StringSubset : fuzzy match false : matchcount=0:minsize=1 distinct sets ::{"Lac":"7874","CntryISO":"us","NetTyp":"GSM","NetOp":"310260","Cid":"46087220"}&&{"Lac":"7874","CntryISO":"us","NetTyp":"GSM","NetOp":"310260","Cid":"46087259"}&&{"Lac":"7893","CntryISO":"us","NetTyp":"GSM","NetOp":"310260","Cid":"46083791"} !! {"Lac":"7862","CntryISO":"us","NetTyp":"GSM","NetOp":"310260","Cid":"26434031"}&&{"Lac":"7875","CntryISO":"us","NetTyp":"GSM","NetOp":"310260","Cid":"26423060"}&&{"Lac":"7875","CntryISO":"us","NetTyp":"GSM","NetOp":"310260","Cid":"26443350"}
12-22 14:56:33.905  4349  4358 I LSAPP_LSDet: checkCellPoi : POI entry :Home
12-22 14:56:33.905  4349  4358 I LSAPP_Utils: StringSubset : fuzzy match false : matchcount=0:minsize=0 distinct sets ::{"Lac":"7182","CntryISO":"us","NetTyp":"GSM","NetOp":"310260","Cid":"85405740"} !! {"Lac":"7862","CntryISO":"us","NetTyp":"GSM","NetOp":"310260","Cid":"26434031"}&&{"Lac":"7875","CntryISO":"us","NetTyp":"GSM","NetOp":"310260","Cid":"26423060"}&&{"Lac":"7875","CntryISO":"us","NetTyp":"GSM","NetOp":"310260","Cid":"26443350"}
12-22 14:56:33.905  4349  4358 I LSAPP_LSDet: checkCellPoi : POI entry :R1
12-22 14:56:33.905  4349  4358 I LSAPP_Utils: StringSubset : fuzzy match false : matchcount=0:minsize=0 distinct sets ::{"Lac":"7893","CntryISO":"us","NetTyp":"GSM","NetOp":"310260","Cid":"46083989"} !! {"Lac":"7862","CntryISO":"us","NetTyp":"GSM","NetOp":"310260","Cid":"26434031"}&&{"Lac":"7875","CntryISO":"us","NetTyp":"GSM","NetOp":"310260","Cid":"26423060"}&&{"Lac":"7875","CntryISO":"us","NetTyp":"GSM","NetOp":"310260","Cid":"26443350"}
12-22 14:56:33.905  4349  4358 I LSAPP_LSDet: checkCellPoi : POI entry :R2
12-22 14:56:33.913  4349  4358 I LSAPP_LSDet: cell changed and startDetection : start location update and passive listen on beacon scan because moving to POI :R2
12-22 14:56:33.913  4349  4358 I LSAPP_LSDet: cell changed and startDetection result: curPOI : null :: next POI : R2
12-22 14:56:33.913  4349  4358 I LSAPP_LSDet: Fast detection on by requesting location update continuously...Run Detection upon new location provider update : {CurPOI:null:NextPOI:R2}
12-22 14:56:33.991  4349  4358 I LSAPP_Beacon: toggleWifi: do nothing : action=true: curWifiState=ENABLE SaveState=ENABLE
12-22 14:56:33.991  4349  4358 I LSAPP_LocMon: startLocationUpdate : minTime:minDistance=900000:100.0:: network provider enabled:true
12-22 14:56:33.991  4349  4358 I LSAPP_LocMon: startLocationUpdate : minTime:minDistance=900000:100.0:: already in monitoring state...return quickly without reset current location
12-22 14:56:34.038  4349  4358 I LSAPP_DBG: Run Detection upon new location provider update : {CurPOI:null:NextPOI:R2} :  Fast Detection Start Listening Location updates.. : 
12-22 14:56:35.241  4349  4349 I LSAPP_Beacon: notifyAllCallers : notify caller POI=R3 caller:Handler{45ef10a0}
12-22 14:56:35.241  4349  4358 I LSAPP_LSDet: processMessage() : BEACONSCAN_RESULT Async done....check beacon scan results.
12-22 14:56:35.241  4349  4358 I LSAPP_LSDet: checkBeaconScanResult: cur poi=null
12-22 14:56:35.241  4349  4358 D LSAPP_Utils: Set2String: empty set..return null string
12-22 14:56:35.241  4349  4358 I LSAPP_TelMon: getBouncingCells :: [{"Lac":"7862","CntryISO":"us","NetTyp":"GSM","NetOp":"310260","Cid":"26434031"}, {"Lac":"7875","CntryISO":"us","NetTyp":"GSM","NetOp":"310260","Cid":"26423060"}, {"Lac":"7875","CntryISO":"us","NetTyp":"GSM","NetOp":"310260","Cid":"26443350"}]
12-22 14:56:35.241  4349  4358 I LSAPP_LSDet: checkCellPoi bouncing cells:: {"Lac":"7862","CntryISO":"us","NetTyp":"GSM","NetOp":"310260","Cid":"26434031"}&&{"Lac":"7875","CntryISO":"us","NetTyp":"GSM","NetOp":"310260","Cid":"26423060"}&&{"Lac":"7875","CntryISO":"us","NetTyp":"GSM","NetOp":"310260","Cid":"26443350"}
12-22 14:56:35.241  4349  4358 I LSAPP_LSDet: checkCellPoi : POI entry :Work
12-22 14:56:35.241  4349  4358 I LSAPP_Utils: StringSubset : fuzzy match false : matchcount=0:minsize=1 distinct sets ::{"Lac":"7874","CntryISO":"us","NetTyp":"GSM","NetOp":"310260","Cid":"46087220"}&&{"Lac":"7874","CntryISO":"us","NetTyp":"GSM","NetOp":"310260","Cid":"46087259"}&&{"Lac":"7893","CntryISO":"us","NetTyp":"GSM","NetOp":"310260","Cid":"46083791"} !! {"Lac":"7862","CntryISO":"us","NetTyp":"GSM","NetOp":"310260","Cid":"26434031"}&&{"Lac":"7875","CntryISO":"us","NetTyp":"GSM","NetOp":"310260","Cid":"26423060"}&&{"Lac":"7875","CntryISO":"us","NetTyp":"GSM","NetOp":"310260","Cid":"26443350"}
12-22 14:56:35.241  4349  4358 I LSAPP_LSDet: checkCellPoi : POI entry :Home
12-22 14:56:35.241  4349  4358 I LSAPP_Utils: StringSubset : fuzzy match false : matchcount=0:minsize=0 distinct sets ::{"Lac":"7182","CntryISO":"us","NetTyp":"GSM","NetOp":"310260","Cid":"85405740"} !! {"Lac":"7862","CntryISO":"us","NetTyp":"GSM","NetOp":"310260","Cid":"26434031"}&&{"Lac":"7875","CntryISO":"us","NetTyp":"GSM","NetOp":"310260","Cid":"26423060"}&&{"Lac":"7875","CntryISO":"us","NetTyp":"GSM","NetOp":"310260","Cid":"26443350"}
12-22 14:56:35.241  4349  4358 I LSAPP_LSDet: checkCellPoi : POI entry :R1
12-22 14:56:35.241  4349  4358 I LSAPP_Utils: StringSubset : fuzzy match false : matchcount=0:minsize=0 distinct sets ::{"Lac":"7893","CntryISO":"us","NetTyp":"GSM","NetOp":"310260","Cid":"46083989"} !! {"Lac":"7862","CntryISO":"us","NetTyp":"GSM","NetOp":"310260","Cid":"26434031"}&&{"Lac":"7875","CntryISO":"us","NetTyp":"GSM","NetOp":"310260","Cid":"26423060"}&&{"Lac":"7875","CntryISO":"us","NetTyp":"GSM","NetOp":"310260","Cid":"26443350"}
12-22 14:56:35.241  4349  4358 I LSAPP_LSDet: checkCellPoi : POI entry :R2
12-22 14:56:35.241  4349  4349 I LSAPP_TelMon: GSM :: cur_val : {"Lac":"7875","CntryISO":"us","NetTyp":"GSM","NetOp":"310260","Cid":"26443350"} new_val: {"Lac":"7875","CntryISO":"us","NetTyp":"GSM","NetOp":"310260","Cid":"26443350"}
12-22 14:56:35.249  4349  4349 I LSAPP_TelMon: onCellTowerChanged :: cur_val : {"Lac":"7875","CntryISO":"us","NetTyp":"GSM","NetOp":"310260","Cid":"26443350"}
12-22 14:56:35.358  4349  4349 I LSAPP_TelMon: Telmon : celltower changed..cell has seen, it is bouncing....filter out : {"Lac":"7875","CntryISO":"us","NetTyp":"GSM","NetOp":"310260","Cid":"26443350"}
12-22 14:56:35.358  4349  4349 I LSAPP_TelMon: celltower did not change based on last cell info(lac, cid)...filter out{"Lac":"7875","CntryISO":"us","NetTyp":"GSM","NetOp":"310260","Cid":"26443350"}
12-22 14:56:35.358  4349  4349 I LSAPP_TelMon: TelMon : celltower changed....sending to location detection anyway !{"Lac":"7875","CntryISO":"us","NetTyp":"GSM","NetOp":"310260","Cid":"26443350"}
12-22 14:56:35.358  4349  4358 I LSAPP_LSDet: processMessage() : START_DETECTION
12-22 14:56:35.358  4349  4358 I LSAPP_TelMon: getBouncingCells :: [{"Lac":"7862","CntryISO":"us","NetTyp":"GSM","NetOp":"310260","Cid":"26434031"}, {"Lac":"7875","CntryISO":"us","NetTyp":"GSM","NetOp":"310260","Cid":"26443350"}]
12-22 14:56:35.358  4349  4358 I LSAPP_LSDet: checkCellPoi bouncing cells:: {"Lac":"7862","CntryISO":"us","NetTyp":"GSM","NetOp":"310260","Cid":"26434031"}&&{"Lac":"7875","CntryISO":"us","NetTyp":"GSM","NetOp":"310260","Cid":"26443350"}
12-22 14:56:35.358  4349  4358 I LSAPP_LSDet: checkCellPoi : POI entry :Work
12-22 14:56:35.358  4349  4358 I LSAPP_Utils: StringSubset : fuzzy match false : matchcount=0:minsize=1 distinct sets ::{"Lac":"7874","CntryISO":"us","NetTyp":"GSM","NetOp":"310260","Cid":"46087220"}&&{"Lac":"7874","CntryISO":"us","NetTyp":"GSM","NetOp":"310260","Cid":"46087259"}&&{"Lac":"7893","CntryISO":"us","NetTyp":"GSM","NetOp":"310260","Cid":"46083791"} !! {"Lac":"7862","CntryISO":"us","NetTyp":"GSM","NetOp":"310260","Cid":"26434031"}&&{"Lac":"7875","CntryISO":"us","NetTyp":"GSM","NetOp":"310260","Cid":"26443350"}
12-22 14:56:35.358  4349  4358 I LSAPP_LSDet: checkCellPoi : POI entry :Home
12-22 14:56:35.358  4349  4358 I LSAPP_Utils: StringSubset : fuzzy match false : matchcount=0:minsize=0 distinct sets ::{"Lac":"7182","CntryISO":"us","NetTyp":"GSM","NetOp":"310260","Cid":"85405740"} !! {"Lac":"7862","CntryISO":"us","NetTyp":"GSM","NetOp":"310260","Cid":"26434031"}&&{"Lac":"7875","CntryISO":"us","NetTyp":"GSM","NetOp":"310260","Cid":"26443350"}
12-22 14:56:35.358  4349  4358 I LSAPP_LSDet: checkCellPoi : POI entry :R1
12-22 14:56:35.358  4349  4358 I LSAPP_Utils: StringSubset : fuzzy match false : matchcount=0:minsize=0 distinct sets ::{"Lac":"7893","CntryISO":"us","NetTyp":"GSM","NetOp":"310260","Cid":"46083989"} !! {"Lac":"7862","CntryISO":"us","NetTyp":"GSM","NetOp":"310260","Cid":"26434031"}&&{"Lac":"7875","CntryISO":"us","NetTyp":"GSM","NetOp":"310260","Cid":"26443350"}
12-22 14:56:35.358  4349  4358 I LSAPP_LSDet: checkCellPoi : POI entry :R2
12-22 14:56:35.358  4349  4358 I LSAPP_Utils: StringSubset :{"Lac":"7862","CntryISO":"us","NetTyp":"GSM","NetOp":"310260","Cid":"26434031"}&&{"Lac":"7875","CntryISO":"us","NetTyp":"GSM","NetOp":"310260","Cid":"26443350"} contains celljon ::{"Lac":"7875","CntryISO":"us","NetTyp":"GSM","NetOp":"310260","Cid":"26443350"}
12-22 14:56:35.358  4349  4358 I LSAPP_Utils: StringSubset : single match true : sets ::{"Lac":"7875","CntryISO":"us","NetTyp":"GSM","NetOp":"310260","Cid":"26443350"} :: {"Lac":"7862","CntryISO":"us","NetTyp":"GSM","NetOp":"310260","Cid":"26434031"}&&{"Lac":"7875","CntryISO":"us","NetTyp":"GSM","NetOp":"310260","Cid":"26443350"}
12-22 14:56:35.358  4349  4358 I LSAPP_Utils: StringSubset : fuzzy match true : matchcount=1:minsize=0 sub sets ::{"Lac":"7875","CntryISO":"us","NetTyp":"GSM","NetOp":"310260","Cid":"26443350"} == {"Lac":"7862","CntryISO":"us","NetTyp":"GSM","NetOp":"310260","Cid":"26434031"}&&{"Lac":"7875","CntryISO":"us","NetTyp":"GSM","NetOp":"310260","Cid":"26443350"}
12-22 14:56:35.366  4349  4358 I LSAPP_LSDet: checkCellPoi matches tuple :: R2 ::value::poi, _id=26, poi=R2, lat=42.33249, lgt=-88.104054, radius=1500, addr=32400 N Bacon Rd Grayslake, IL 60030 , name=32400 N Bacon Rd Grayslake, IL 60030 , celljson={"Lac":"7875","CntryISO":"us","NetTyp":"GSM","NetOp":"310260","Cid":"26443350"}, wifimac=null, wificonnmac=null, btmac=null, time=0
12-22 14:56:35.366  4349  4358 I LSAPP_LSDet: celltower changed and startDetection...
12-22 14:56:35.366  4349  4358 I LSAPP_LSDet: cell changed and startDetection : start location update and passive listen on beacon scan because moving to POI :R2
12-22 14:56:35.366  4349  4358 I LSAPP_LSDet: cell changed and startDetection result: curPOI : null :: next POI : R2
12-22 14:56:35.366  4349  4358 I LSAPP_LSDet: Fast detection on by requesting location update continuously...Run Detection upon new location provider update : {CurPOI:null:NextPOI:R2}
12-22 14:56:35.460  4349  4358 I LSAPP_Beacon: toggleWifi: do nothing : action=true: curWifiState=ENABLE SaveState=ENABLE
12-22 14:56:35.460  4349  4358 I LSAPP_LocMon: startLocationUpdate : minTime:minDistance=900000:100.0:: network provider enabled:true
12-22 14:56:35.460  4349  4358 I LSAPP_LocMon: startLocationUpdate : minTime:minDistance=900000:100.0:: already in monitoring state...return quickly without reset current location
12-22 14:56:35.545  4349  4358 I LSAPP_DBG: Run Detection upon new location provider update : {CurPOI:null:NextPOI:R2} :  Fast Detection Start Listening Location updates.. : 
12-22 14:56:36.475  4349  4349 I LSAPP_Beacon: notifyAllCallers : notify caller POI=R3 caller:Handler{45ef10a0}
12-22 14:56:36.475  4349  4358 I LSAPP_LSDet: processMessage() : BEACONSCAN_RESULT Async done....check beacon scan results.
12-22 14:56:36.475  4349  4358 I LSAPP_LSDet: checkBeaconScanResult: cur poi=null
12-22 14:56:36.475  4349  4358 D LSAPP_Utils: Set2String: empty set..return null string
12-22 14:56:36.475  4349  4358 I LSAPP_TelMon: getBouncingCells :: [{"Lac":"7862","CntryISO":"us","NetTyp":"GSM","NetOp":"310260","Cid":"26434031"}, {"Lac":"7875","CntryISO":"us","NetTyp":"GSM","NetOp":"310260","Cid":"26443350"}]
12-22 14:56:36.475  4349  4358 I LSAPP_LSDet: checkCellPoi bouncing cells:: {"Lac":"7862","CntryISO":"us","NetTyp":"GSM","NetOp":"310260","Cid":"26434031"}&&{"Lac":"7875","CntryISO":"us","NetTyp":"GSM","NetOp":"310260","Cid":"26443350"}
12-22 14:56:36.475  4349  4358 I LSAPP_LSDet: checkCellPoi : POI entry :Work
12-22 14:56:36.475  4349  4358 I LSAPP_Utils: StringSubset : fuzzy match false : matchcount=0:minsize=1 distinct sets ::{"Lac":"7874","CntryISO":"us","NetTyp":"GSM","NetOp":"310260","Cid":"46087220"}&&{"Lac":"7874","CntryISO":"us","NetTyp":"GSM","NetOp":"310260","Cid":"46087259"}&&{"Lac":"7893","CntryISO":"us","NetTyp":"GSM","NetOp":"310260","Cid":"46083791"} !! {"Lac":"7862","CntryISO":"us","NetTyp":"GSM","NetOp":"310260","Cid":"26434031"}&&{"Lac":"7875","CntryISO":"us","NetTyp":"GSM","NetOp":"310260","Cid":"26443350"}
12-22 14:56:36.475  4349  4358 I LSAPP_LSDet: checkCellPoi : POI entry :Home
12-22 14:56:36.475  4349  4358 I LSAPP_Utils: StringSubset : fuzzy match false : matchcount=0:minsize=0 distinct sets ::{"Lac":"7182","CntryISO":"us","NetTyp":"GSM","NetOp":"310260","Cid":"85405740"} !! {"Lac":"7862","CntryISO":"us","NetTyp":"GSM","NetOp":"310260","Cid":"26434031"}&&{"Lac":"7875","CntryISO":"us","NetTyp":"GSM","NetOp":"310260","Cid":"26443350"}
12-22 14:56:36.475  4349  4358 I LSAPP_LSDet: checkCellPoi : POI entry :R1
12-22 14:56:36.491  4349  4358 I LSAPP_Utils: StringSubset : fuzzy match false : matchcount=0:minsize=0 distinct sets ::{"Lac":"7893","CntryISO":"us","NetTyp":"GSM","NetOp":"310260","Cid":"46083989"} !! {"Lac":"7862","CntryISO":"us","NetTyp":"GSM","NetOp":"310260","Cid":"26434031"}&&{"Lac":"7875","CntryISO":"us","NetTyp":"GSM","NetOp":"310260","Cid":"26443350"}
12-22 14:56:36.491  4349  4358 I LSAPP_LSDet: checkCellPoi : POI entry :R2
12-22 14:56:36.491  4349  4358 I LSAPP_Utils: StringSubset :{"Lac":"7862","CntryISO":"us","NetTyp":"GSM","NetOp":"310260","Cid":"26434031"}&&{"Lac":"7875","CntryISO":"us","NetTyp":"GSM","NetOp":"310260","Cid":"26443350"} contains celljon ::{"Lac":"7875","CntryISO":"us","NetTyp":"GSM","NetOp":"310260","Cid":"26443350"}
12-22 14:56:36.491  4349  4358 I LSAPP_Utils: StringSubset : single match true : sets ::{"Lac":"7875","CntryISO":"us","NetTyp":"GSM","NetOp":"310260","Cid":"26443350"} :: {"Lac":"7862","CntryISO":"us","NetTyp":"GSM","NetOp":"310260","Cid":"26434031"}&&{"Lac":"7875","CntryISO":"us","NetTyp":"GSM","NetOp":"310260","Cid":"26443350"}
12-22 14:56:36.491  4349  4358 I LSAPP_Utils: StringSubset : fuzzy match true : matchcount=1:minsize=0 sub sets ::{"Lac":"7875","CntryISO":"us","NetTyp":"GSM","NetOp":"310260","Cid":"26443350"} == {"Lac":"7862","CntryISO":"us","NetTyp":"GSM","NetOp":"310260","Cid":"26434031"}&&{"Lac":"7875","CntryISO":"us","NetTyp":"GSM","NetOp":"310260","Cid":"26443350"}
12-22 14:56:36.491  4349  4358 I LSAPP_LSDet: checkCellPoi matches tuple :: R2 ::value::poi, _id=26, poi=R2, lat=42.33249, lgt=-88.104054, radius=1500, addr=32400 N Bacon Rd Grayslake, IL 60030 , name=32400 N Bacon Rd Grayslake, IL 60030 , celljson={"Lac":"7875","CntryISO":"us","NetTyp":"GSM","NetOp":"310260","Cid":"26443350"}, wifimac=null, wificonnmac=null, btmac=null, time=0
12-22 14:56:36.491  4349  4358 I LSAPP_LSDet: checkEnteringBeacons: Beacon no match any poi...:
12-22 14:56:36.491  4349  4349 I LSAPP_TelMon: GSM :: cur_val : {"Lac":"7875","CntryISO":"us","NetTyp":"GSM","NetOp":"310260","Cid":"26443350"} new_val: {"Lac":"7875","CntryISO":"us","NetTyp":"GSM","NetOp":"310260","Cid":"26443350"}
12-22 14:56:36.491  4349  4349 I LSAPP_TelMon: onCellTowerChanged :: cur_val : {"Lac":"7875","CntryISO":"us","NetTyp":"GSM","NetOp":"310260","Cid":"26443350"}
12-22 14:56:36.592  4349  4349 I LSAPP_TelMon: Telmon : celltower changed..cell has seen, it is bouncing....filter out : {"Lac":"7875","CntryISO":"us","NetTyp":"GSM","NetOp":"310260","Cid":"26443350"}
12-22 14:56:36.592  4349  4349 I LSAPP_TelMon: celltower did not change based on last cell info(lac, cid)...filter out{"Lac":"7875","CntryISO":"us","NetTyp":"GSM","NetOp":"310260","Cid":"26443350"}
12-22 14:56:36.592  4349  4349 I LSAPP_TelMon: TelMon : celltower changed....sending to location detection anyway !{"Lac":"7875","CntryISO":"us","NetTyp":"GSM","NetOp":"310260","Cid":"26443350"}
12-22 14:56:36.592  4349  4358 I LSAPP_LSDet: processMessage() : START_DETECTION
12-22 14:56:36.592  4349  4358 I LSAPP_TelMon: getBouncingCells :: [{"Lac":"7875","CntryISO":"us","NetTyp":"GSM","NetOp":"310260","Cid":"26443350"}]
12-22 14:56:36.592  4349  4358 I LSAPP_LSDet: checkCellPoi bouncing cells:: {"Lac":"7875","CntryISO":"us","NetTyp":"GSM","NetOp":"310260","Cid":"26443350"}
12-22 14:56:36.592  4349  4358 I LSAPP_LSDet: checkCellPoi : POI entry :Work
12-22 14:56:36.592  4349  4358 I LSAPP_Utils: StringSubset : fuzzy match false : matchcount=0:minsize=0 distinct sets ::{"Lac":"7874","CntryISO":"us","NetTyp":"GSM","NetOp":"310260","Cid":"46087220"}&&{"Lac":"7874","CntryISO":"us","NetTyp":"GSM","NetOp":"310260","Cid":"46087259"}&&{"Lac":"7893","CntryISO":"us","NetTyp":"GSM","NetOp":"310260","Cid":"46083791"} !! {"Lac":"7875","CntryISO":"us","NetTyp":"GSM","NetOp":"310260","Cid":"26443350"}
12-22 14:56:36.592  4349  4358 I LSAPP_LSDet: checkCellPoi : POI entry :Home
12-22 14:56:36.592  4349  4358 I LSAPP_Utils: StringSubset : fuzzy match false : matchcount=0:minsize=0 distinct sets ::{"Lac":"7182","CntryISO":"us","NetTyp":"GSM","NetOp":"310260","Cid":"85405740"} !! {"Lac":"7875","CntryISO":"us","NetTyp":"GSM","NetOp":"310260","Cid":"26443350"}
12-22 14:56:36.592  4349  4358 I LSAPP_LSDet: checkCellPoi : POI entry :R1
12-22 14:56:36.592  4349  4358 I LSAPP_Utils: StringSubset : fuzzy match false : matchcount=0:minsize=0 distinct sets ::{"Lac":"7893","CntryISO":"us","NetTyp":"GSM","NetOp":"310260","Cid":"46083989"} !! {"Lac":"7875","CntryISO":"us","NetTyp":"GSM","NetOp":"310260","Cid":"26443350"}
12-22 14:56:36.592  4349  4358 I LSAPP_LSDet: checkCellPoi : POI entry :R2
12-22 14:56:36.592  4349  4358 I LSAPP_Utils: StringSubset :{"Lac":"7875","CntryISO":"us","NetTyp":"GSM","NetOp":"310260","Cid":"26443350"} contains celljon ::{"Lac":"7875","CntryISO":"us","NetTyp":"GSM","NetOp":"310260","Cid":"26443350"}
12-22 14:56:36.592  4349  4358 I LSAPP_Utils: StringSubset : single match true : sets ::{"Lac":"7875","CntryISO":"us","NetTyp":"GSM","NetOp":"310260","Cid":"26443350"} :: {"Lac":"7875","CntryISO":"us","NetTyp":"GSM","NetOp":"310260","Cid":"26443350"}
12-22 14:56:36.592  4349  4358 I LSAPP_Utils: StringSubset : fuzzy match true : matchcount=1:minsize=0 sub sets ::{"Lac":"7875","CntryISO":"us","NetTyp":"GSM","NetOp":"310260","Cid":"26443350"} == {"Lac":"7875","CntryISO":"us","NetTyp":"GSM","NetOp":"310260","Cid":"26443350"}
12-22 14:56:36.592  4349  4358 I LSAPP_LSDet: checkCellPoi matches tuple :: R2 ::value::poi, _id=26, poi=R2, lat=42.33249, lgt=-88.104054, radius=1500, addr=32400 N Bacon Rd Grayslake, IL 60030 , name=32400 N Bacon Rd Grayslake, IL 60030 , celljson={"Lac":"7875","CntryISO":"us","NetTyp":"GSM","NetOp":"310260","Cid":"26443350"}, wifimac=null, wificonnmac=null, btmac=null, time=0
12-22 14:56:36.592  4349  4358 I LSAPP_LSDet: celltower changed and startDetection...
12-22 14:56:36.600  4349  4358 I LSAPP_LSDet: cell changed and startDetection : start location update and passive listen on beacon scan because moving to POI :R2
12-22 14:56:36.600  4349  4358 I LSAPP_LSDet: cell changed and startDetection result: curPOI : null :: next POI : R2
12-22 14:56:36.600  4349  4358 I LSAPP_LSDet: Fast detection on by requesting location update continuously...Run Detection upon new location provider update : {CurPOI:null:NextPOI:R2}
12-22 14:56:36.647  4349  4358 I LSAPP_Beacon: toggleWifi: do nothing : action=true: curWifiState=ENABLE SaveState=ENABLE
12-22 14:56:36.647  4349  4358 I LSAPP_LocMon: startLocationUpdate : minTime:minDistance=900000:100.0:: network provider enabled:true
12-22 14:56:36.647  4349  4358 I LSAPP_LocMon: startLocationUpdate : minTime:minDistance=900000:100.0:: already in monitoring state...return quickly without reset current location
12-22 14:56:36.725  4349  4358 I LSAPP_DBG: Run Detection upon new location provider update : {CurPOI:null:NextPOI:R2} :  Fast Detection Start Listening Location updates.. : 
12-22 14:56:37.858  4349  4349 I LSAPP_Beacon: notifyAllCallers : notify caller POI=R3 caller:Handler{45ef10a0}
12-22 14:56:37.858  4349  4358 I LSAPP_LSDet: processMessage() : BEACONSCAN_RESULT Async done....check beacon scan results.
12-22 14:56:37.858  4349  4358 I LSAPP_LSDet: checkBeaconScanResult: cur poi=null
12-22 14:56:37.858  4349  4358 D LSAPP_Utils: Set2String: empty set..return null string
12-22 14:56:37.858  4349  4358 I LSAPP_TelMon: getBouncingCells :: [{"Lac":"7875","CntryISO":"us","NetTyp":"GSM","NetOp":"310260","Cid":"26443350"}]
12-22 14:56:37.858  4349  4358 I LSAPP_LSDet: checkCellPoi bouncing cells:: {"Lac":"7875","CntryISO":"us","NetTyp":"GSM","NetOp":"310260","Cid":"26443350"}
12-22 14:56:37.858  4349  4358 I LSAPP_LSDet: checkCellPoi : POI entry :Work
12-22 14:56:37.858  4349  4358 I LSAPP_Utils: StringSubset : fuzzy match false : matchcount=0:minsize=0 distinct sets ::{"Lac":"7874","CntryISO":"us","NetTyp":"GSM","NetOp":"310260","Cid":"46087220"}&&{"Lac":"7874","CntryISO":"us","NetTyp":"GSM","NetOp":"310260","Cid":"46087259"}&&{"Lac":"7893","CntryISO":"us","NetTyp":"GSM","NetOp":"310260","Cid":"46083791"} !! {"Lac":"7875","CntryISO":"us","NetTyp":"GSM","NetOp":"310260","Cid":"26443350"}
12-22 14:56:37.858  4349  4358 I LSAPP_LSDet: checkCellPoi : POI entry :Home
12-22 14:56:37.858  4349  4358 I LSAPP_Utils: StringSubset : fuzzy match false : matchcount=0:minsize=0 distinct sets ::{"Lac":"7182","CntryISO":"us","NetTyp":"GSM","NetOp":"310260","Cid":"85405740"} !! {"Lac":"7875","CntryISO":"us","NetTyp":"GSM","NetOp":"310260","Cid":"26443350"}
12-22 14:56:37.858  4349  4358 I LSAPP_LSDet: checkCellPoi : POI entry :R1
12-22 14:56:37.858  4349  4358 I LSAPP_Utils: StringSubset : fuzzy match false : matchcount=0:minsize=0 distinct sets ::{"Lac":"7893","CntryISO":"us","NetTyp":"GSM","NetOp":"310260","Cid":"46083989"} !! {"Lac":"7875","CntryISO":"us","NetTyp":"GSM","NetOp":"310260","Cid":"26443350"}
12-22 14:56:37.858  4349  4358 I LSAPP_LSDet: checkCellPoi : POI entry :R2
12-22 14:56:37.858  4349  4358 I LSAPP_Utils: StringSubset :{"Lac":"7875","CntryISO":"us","NetTyp":"GSM","NetOp":"310260","Cid":"26443350"} contains celljon ::{"Lac":"7875","CntryISO":"us","NetTyp":"GSM","NetOp":"310260","Cid":"26443350"}
12-22 14:56:37.858  4349  4358 I LSAPP_Utils: StringSubset : single match true : sets ::{"Lac":"7875","CntryISO":"us","NetTyp":"GSM","NetOp":"310260","Cid":"26443350"} :: {"Lac":"7875","CntryISO":"us","NetTyp":"GSM","NetOp":"310260","Cid":"26443350"}
12-22 14:56:37.858  4349  4358 I LSAPP_Utils: StringSubset : fuzzy match true : matchcount=1:minsize=0 sub sets ::{"Lac":"7875","CntryISO":"us","NetTyp":"GSM","NetOp":"310260","Cid":"26443350"} == {"Lac":"7875","CntryISO":"us","NetTyp":"GSM","NetOp":"310260","Cid":"26443350"}
12-22 14:56:37.858  4349  4358 I LSAPP_LSDet: checkCellPoi matches tuple :: R2 ::value::poi, _id=26, poi=R2, lat=42.33249, lgt=-88.104054, radius=1500, addr=32400 N Bacon Rd Grayslake, IL 60030 , name=32400 N Bacon Rd Grayslake, IL 60030 , celljson={"Lac":"7875","CntryISO":"us","NetTyp":"GSM","NetOp":"310260","Cid":"26443350"}, wifimac=null, wificonnmac=null, btmac=null, time=0
12-22 14:56:37.858  4349  4358 I LSAPP_LSDet: checkEnteringBeacons: Beacon no match any poi...:
12-22 14:56:37.866  4349  4349 I LSAPP_TelMon: GSM :: cur_val : {"Lac":"7875","CntryISO":"us","NetTyp":"GSM","NetOp":"310260","Cid":"26443350"} new_val: {"Lac":"7875","CntryISO":"us","NetTyp":"GSM","NetOp":"310260","Cid":"26443350"}
12-22 14:56:37.866  4349  4349 I LSAPP_TelMon: onCellTowerChanged :: cur_val : {"Lac":"7875","CntryISO":"us","NetTyp":"GSM","NetOp":"310260","Cid":"26443350"}
12-22 14:56:38.045  4349  4349 I LSAPP_TelMon: Telmon : celltower changed..cell has seen, it is bouncing....filter out : {"Lac":"7875","CntryISO":"us","NetTyp":"GSM","NetOp":"310260","Cid":"26443350"}
12-22 14:56:38.045  4349  4349 I LSAPP_TelMon: celltower did not change based on last cell info(lac, cid)...filter out{"Lac":"7875","CntryISO":"us","NetTyp":"GSM","NetOp":"310260","Cid":"26443350"}
12-22 14:56:38.045  4349  4349 I LSAPP_TelMon: TelMon : celltower changed....sending to location detection anyway !{"Lac":"7875","CntryISO":"us","NetTyp":"GSM","NetOp":"310260","Cid":"26443350"}
12-22 14:56:38.045  4349  4358 I LSAPP_LSDet: processMessage() : START_DETECTION
12-22 14:56:38.045  4349  4358 I LSAPP_TelMon: getBouncingCells :: [{"Lac":"7875","CntryISO":"us","NetTyp":"GSM","NetOp":"310260","Cid":"26443350"}]
12-22 14:56:38.045  4349  4358 I LSAPP_LSDet: checkCellPoi bouncing cells:: {"Lac":"7875","CntryISO":"us","NetTyp":"GSM","NetOp":"310260","Cid":"26443350"}
12-22 14:56:38.045  4349  4358 I LSAPP_LSDet: checkCellPoi : POI entry :Work
12-22 14:56:38.045  4349  4358 I LSAPP_Utils: StringSubset : fuzzy match false : matchcount=0:minsize=0 distinct sets ::{"Lac":"7874","CntryISO":"us","NetTyp":"GSM","NetOp":"310260","Cid":"46087220"}&&{"Lac":"7874","CntryISO":"us","NetTyp":"GSM","NetOp":"310260","Cid":"46087259"}&&{"Lac":"7893","CntryISO":"us","NetTyp":"GSM","NetOp":"310260","Cid":"46083791"} !! {"Lac":"7875","CntryISO":"us","NetTyp":"GSM","NetOp":"310260","Cid":"26443350"}
12-22 14:56:38.045  4349  4358 I LSAPP_LSDet: checkCellPoi : POI entry :Home
12-22 14:56:38.045  4349  4358 I LSAPP_Utils: StringSubset : fuzzy match false : matchcount=0:minsize=0 distinct sets ::{"Lac":"7182","CntryISO":"us","NetTyp":"GSM","NetOp":"310260","Cid":"85405740"} !! {"Lac":"7875","CntryISO":"us","NetTyp":"GSM","NetOp":"310260","Cid":"26443350"}
12-22 14:56:38.045  4349  4358 I LSAPP_LSDet: checkCellPoi : POI entry :R1
12-22 14:56:38.045  4349  4358 I LSAPP_Utils: StringSubset : fuzzy match false : matchcount=0:minsize=0 distinct sets ::{"Lac":"7893","CntryISO":"us","NetTyp":"GSM","NetOp":"310260","Cid":"46083989"} !! {"Lac":"7875","CntryISO":"us","NetTyp":"GSM","NetOp":"310260","Cid":"26443350"}
12-22 14:56:38.045  4349  4358 I LSAPP_LSDet: checkCellPoi : POI entry :R2
12-22 14:56:38.045  4349  4358 I LSAPP_Utils: StringSubset :{"Lac":"7875","CntryISO":"us","NetTyp":"GSM","NetOp":"310260","Cid":"26443350"} contains celljon ::{"Lac":"7875","CntryISO":"us","NetTyp":"GSM","NetOp":"310260","Cid":"26443350"}
12-22 14:56:38.045  4349  4358 I LSAPP_Utils: StringSubset : single match true : sets ::{"Lac":"7875","CntryISO":"us","NetTyp":"GSM","NetOp":"310260","Cid":"26443350"} :: {"Lac":"7875","CntryISO":"us","NetTyp":"GSM","NetOp":"310260","Cid":"26443350"}
12-22 14:56:38.045  4349  4358 I LSAPP_Utils: StringSubset : fuzzy match true : matchcount=1:minsize=0 sub sets ::{"Lac":"7875","CntryISO":"us","NetTyp":"GSM","NetOp":"310260","Cid":"26443350"} == {"Lac":"7875","CntryISO":"us","NetTyp":"GSM","NetOp":"310260","Cid":"26443350"}
12-22 14:56:38.045  4349  4358 I LSAPP_LSDet: checkCellPoi matches tuple :: R2 ::value::poi, _id=26, poi=R2, lat=42.33249, lgt=-88.104054, radius=1500, addr=32400 N Bacon Rd Grayslake, IL 60030 , name=32400 N Bacon Rd Grayslake, IL 60030 , celljson={"Lac":"7875","CntryISO":"us","NetTyp":"GSM","NetOp":"310260","Cid":"26443350"}, wifimac=null, wificonnmac=null, btmac=null, time=0
12-22 14:56:38.045  4349  4358 I LSAPP_LSDet: celltower changed and startDetection...
12-22 14:56:38.053  4349  4358 I LSAPP_LSDet: cell changed and startDetection : start location update and passive listen on beacon scan because moving to POI :R2
12-22 14:56:38.053  4349  4358 I LSAPP_LSDet: cell changed and startDetection result: curPOI : null :: next POI : R2
12-22 14:56:38.053  4349  4358 I LSAPP_LSDet: Fast detection on by requesting location update continuously...Run Detection upon new location provider update : {CurPOI:null:NextPOI:R2}
12-22 14:56:38.100  4349  4358 I LSAPP_Beacon: toggleWifi: do nothing : action=true: curWifiState=ENABLE SaveState=ENABLE
12-22 14:56:38.108  4349  4358 I LSAPP_LocMon: startLocationUpdate : minTime:minDistance=900000:100.0:: network provider enabled:true
12-22 14:56:38.108  4349  4358 I LSAPP_LocMon: startLocationUpdate : minTime:minDistance=900000:100.0:: already in monitoring state...return quickly without reset current location
12-22 14:56:38.163  4349  4358 I LSAPP_DBG: Run Detection upon new location provider update : {CurPOI:null:NextPOI:R2} :  Fast Detection Start Listening Location updates.. : 
12-22 14:56:39.147  4349  4349 I LSAPP_Beacon: notifyAllCallers : notify caller POI=R3 caller:Handler{45ef10a0}
12-22 14:56:39.147  4349  4358 I LSAPP_LSDet: processMessage() : BEACONSCAN_RESULT Async done....check beacon scan results.
12-22 14:56:39.147  4349  4358 I LSAPP_LSDet: checkBeaconScanResult: cur poi=null
12-22 14:56:39.147  4349  4358 D LSAPP_Utils: Set2String: empty set..return null string
12-22 14:56:39.147  4349  4358 I LSAPP_TelMon: getBouncingCells :: [{"Lac":"7875","CntryISO":"us","NetTyp":"GSM","NetOp":"310260","Cid":"26443350"}]
12-22 14:56:39.147  4349  4358 I LSAPP_LSDet: checkCellPoi bouncing cells:: {"Lac":"7875","CntryISO":"us","NetTyp":"GSM","NetOp":"310260","Cid":"26443350"}
12-22 14:56:39.147  4349  4358 I LSAPP_LSDet: checkCellPoi : POI entry :Work
12-22 14:56:39.147  4349  4358 I LSAPP_Utils: StringSubset : fuzzy match false : matchcount=0:minsize=0 distinct sets ::{"Lac":"7874","CntryISO":"us","NetTyp":"GSM","NetOp":"310260","Cid":"46087220"}&&{"Lac":"7874","CntryISO":"us","NetTyp":"GSM","NetOp":"310260","Cid":"46087259"}&&{"Lac":"7893","CntryISO":"us","NetTyp":"GSM","NetOp":"310260","Cid":"46083791"} !! {"Lac":"7875","CntryISO":"us","NetTyp":"GSM","NetOp":"310260","Cid":"26443350"}
12-22 14:56:39.147  4349  4358 I LSAPP_LSDet: checkCellPoi : POI entry :Home
12-22 14:56:39.147  4349  4358 I LSAPP_Utils: StringSubset : fuzzy match false : matchcount=0:minsize=0 distinct sets ::{"Lac":"7182","CntryISO":"us","NetTyp":"GSM","NetOp":"310260","Cid":"85405740"} !! {"Lac":"7875","CntryISO":"us","NetTyp":"GSM","NetOp":"310260","Cid":"26443350"}
12-22 14:56:39.147  4349  4358 I LSAPP_LSDet: checkCellPoi : POI entry :R1
12-22 14:56:39.147  4349  4358 I LSAPP_Utils: StringSubset : fuzzy match false : matchcount=0:minsize=0 distinct sets ::{"Lac":"7893","CntryISO":"us","NetTyp":"GSM","NetOp":"310260","Cid":"46083989"} !! {"Lac":"7875","CntryISO":"us","NetTyp":"GSM","NetOp":"310260","Cid":"26443350"}
12-22 14:56:39.147  4349  4358 I LSAPP_LSDet: checkCellPoi : POI entry :R2
12-22 14:56:39.155  4349  4358 I LSAPP_Utils: StringSubset :{"Lac":"7875","CntryISO":"us","NetTyp":"GSM","NetOp":"310260","Cid":"26443350"} contains celljon ::{"Lac":"7875","CntryISO":"us","NetTyp":"GSM","NetOp":"310260","Cid":"26443350"}
12-22 14:56:39.155  4349  4358 I LSAPP_Utils: StringSubset : single match true : sets ::{"Lac":"7875","CntryISO":"us","NetTyp":"GSM","NetOp":"310260","Cid":"26443350"} :: {"Lac":"7875","CntryISO":"us","NetTyp":"GSM","NetOp":"310260","Cid":"26443350"}
12-22 14:56:39.155  4349  4358 I LSAPP_Utils: StringSubset : fuzzy match true : matchcount=1:minsize=0 sub sets ::{"Lac":"7875","CntryISO":"us","NetTyp":"GSM","NetOp":"310260","Cid":"26443350"} == {"Lac":"7875","CntryISO":"us","NetTyp":"GSM","NetOp":"310260","Cid":"26443350"}
12-22 14:56:39.155  4349  4358 I LSAPP_LSDet: checkCellPoi matches tuple :: R2 ::value::poi, _id=26, poi=R2, lat=42.33249, lgt=-88.104054, radius=1500, addr=32400 N Bacon Rd Grayslake, IL 60030 , name=32400 N Bacon Rd Grayslake, IL 60030 , celljson={"Lac":"7875","CntryISO":"us","NetTyp":"GSM","NetOp":"310260","Cid":"26443350"}, wifimac=null, wificonnmac=null, btmac=null, time=0
12-22 14:56:39.155  4349  4358 I LSAPP_LSDet: checkEnteringBeacons: Beacon no match any poi...:
12-22 14:57:11.272  4349  4349 I LSAPP_TelMon: GSM :: cur_val : {"Lac":"7875","CntryISO":"us","NetTyp":"GSM","NetOp":"310260","Cid":"26443350"} new_val: {"Lac":"7875","CntryISO":"us","NetTyp":"GSM","NetOp":"310260","Cid":"26443350"}
12-22 14:57:11.272  4349  4349 I LSAPP_TelMon: onCellTowerChanged :: cur_val : {"Lac":"7875","CntryISO":"us","NetTyp":"GSM","NetOp":"310260","Cid":"26443350"}
12-22 14:57:11.460  4349  4349 I LSAPP_TelMon: Telmon : celltower changed..cell has seen, it is bouncing....filter out : {"Lac":"7875","CntryISO":"us","NetTyp":"GSM","NetOp":"310260","Cid":"26443350"}
12-22 14:57:11.460  4349  4349 I LSAPP_TelMon: celltower did not change based on last cell info(lac, cid)...filter out{"Lac":"7875","CntryISO":"us","NetTyp":"GSM","NetOp":"310260","Cid":"26443350"}
12-22 14:57:11.460  4349  4349 I LSAPP_TelMon: TelMon : celltower changed....sending to location detection anyway !{"Lac":"7875","CntryISO":"us","NetTyp":"GSM","NetOp":"310260","Cid":"26443350"}
12-22 14:57:11.467  4349  4358 I LSAPP_LSDet: processMessage() : START_DETECTION
12-22 14:57:11.467  4349  4358 I LSAPP_TelMon: getBouncingCells :: [{"Lac":"7875","CntryISO":"us","NetTyp":"GSM","NetOp":"310260","Cid":"26443350"}]
12-22 14:57:11.467  4349  4358 I LSAPP_LSDet: checkCellPoi bouncing cells:: {"Lac":"7875","CntryISO":"us","NetTyp":"GSM","NetOp":"310260","Cid":"26443350"}
12-22 14:57:11.467  4349  4358 I LSAPP_LSDet: checkCellPoi : POI entry :Work
12-22 14:57:11.467  4349  4358 I LSAPP_Utils: StringSubset : fuzzy match false : matchcount=0:minsize=0 distinct sets ::{"Lac":"7874","CntryISO":"us","NetTyp":"GSM","NetOp":"310260","Cid":"46087220"}&&{"Lac":"7874","CntryISO":"us","NetTyp":"GSM","NetOp":"310260","Cid":"46087259"}&&{"Lac":"7893","CntryISO":"us","NetTyp":"GSM","NetOp":"310260","Cid":"46083791"} !! {"Lac":"7875","CntryISO":"us","NetTyp":"GSM","NetOp":"310260","Cid":"26443350"}
12-22 14:57:11.467  4349  4358 I LSAPP_LSDet: checkCellPoi : POI entry :Home
12-22 14:57:11.467  4349  4358 I LSAPP_Utils: StringSubset : fuzzy match false : matchcount=0:minsize=0 distinct sets ::{"Lac":"7182","CntryISO":"us","NetTyp":"GSM","NetOp":"310260","Cid":"85405740"} !! {"Lac":"7875","CntryISO":"us","NetTyp":"GSM","NetOp":"310260","Cid":"26443350"}
12-22 14:57:11.467  4349  4358 I LSAPP_LSDet: checkCellPoi : POI entry :R1
12-22 14:57:11.467  4349  4358 I LSAPP_Utils: StringSubset : fuzzy match false : matchcount=0:minsize=0 distinct sets ::{"Lac":"7893","CntryISO":"us","NetTyp":"GSM","NetOp":"310260","Cid":"46083989"} !! {"Lac":"7875","CntryISO":"us","NetTyp":"GSM","NetOp":"310260","Cid":"26443350"}
12-22 14:57:11.467  4349  4358 I LSAPP_LSDet: checkCellPoi : POI entry :R2
12-22 14:57:11.467  4349  4358 I LSAPP_Utils: StringSubset :{"Lac":"7875","CntryISO":"us","NetTyp":"GSM","NetOp":"310260","Cid":"26443350"} contains celljon ::{"Lac":"7875","CntryISO":"us","NetTyp":"GSM","NetOp":"310260","Cid":"26443350"}
12-22 14:57:11.467  4349  4358 I LSAPP_Utils: StringSubset : single match true : sets ::{"Lac":"7875","CntryISO":"us","NetTyp":"GSM","NetOp":"310260","Cid":"26443350"} :: {"Lac":"7875","CntryISO":"us","NetTyp":"GSM","NetOp":"310260","Cid":"26443350"}
12-22 14:57:11.467  4349  4358 I LSAPP_Utils: StringSubset : fuzzy match true : matchcount=1:minsize=0 sub sets ::{"Lac":"7875","CntryISO":"us","NetTyp":"GSM","NetOp":"310260","Cid":"26443350"} == {"Lac":"7875","CntryISO":"us","NetTyp":"GSM","NetOp":"310260","Cid":"26443350"}
12-22 14:57:11.467  4349  4358 I LSAPP_LSDet: checkCellPoi matches tuple :: R2 ::value::poi, _id=26, poi=R2, lat=42.33249, lgt=-88.104054, radius=1500, addr=32400 N Bacon Rd Grayslake, IL 60030 , name=32400 N Bacon Rd Grayslake, IL 60030 , celljson={"Lac":"7875","CntryISO":"us","NetTyp":"GSM","NetOp":"310260","Cid":"26443350"}, wifimac=null, wificonnmac=null, btmac=null, time=0
12-22 14:57:11.467  4349  4358 I LSAPP_LSDet: celltower changed and startDetection...
12-22 14:57:11.475  4349  4358 I LSAPP_LSDet: cell changed and startDetection : start location update and passive listen on beacon scan because moving to POI :R2
12-22 14:57:11.475  4349  4358 I LSAPP_LSDet: cell changed and startDetection result: curPOI : null :: next POI : R2
12-22 14:57:11.475  4349  4358 I LSAPP_LSDet: Fast detection on by requesting location update continuously...Run Detection upon new location provider update : {CurPOI:null:NextPOI:R2}
12-22 14:57:11.569  4349  4358 I LSAPP_Beacon: toggleWifi: do nothing : action=true: curWifiState=ENABLE SaveState=ENABLE
12-22 14:57:11.569  4349  4358 I LSAPP_LocMon: startLocationUpdate : minTime:minDistance=900000:100.0:: network provider enabled:true
12-22 14:57:11.569  4349  4358 I LSAPP_LocMon: startLocationUpdate : minTime:minDistance=900000:100.0:: already in monitoring state...return quickly without reset current location
12-22 14:57:11.842  4349  4358 I LSAPP_DBG: Run Detection upon new location provider update : {CurPOI:null:NextPOI:R2} :  Fast Detection Start Listening Location updates.. : 
12-22 14:57:13.374  4349  4349 I LSAPP_Beacon: notifyAllCallers : notify caller POI=R3 caller:Handler{45ef10a0}
12-22 14:57:13.374  4349  4358 I LSAPP_LSDet: processMessage() : BEACONSCAN_RESULT Async done....check beacon scan results.
12-22 14:57:13.374  4349  4358 I LSAPP_LSDet: checkBeaconScanResult: cur poi=null
12-22 14:57:13.374  4349  4358 D LSAPP_Utils: Set2String: empty set..return null string
12-22 14:57:13.374  4349  4358 I LSAPP_TelMon: getBouncingCells :: [{"Lac":"7875","CntryISO":"us","NetTyp":"GSM","NetOp":"310260","Cid":"26443350"}]
12-22 14:57:13.374  4349  4358 I LSAPP_LSDet: checkCellPoi bouncing cells:: {"Lac":"7875","CntryISO":"us","NetTyp":"GSM","NetOp":"310260","Cid":"26443350"}
12-22 14:57:13.374  4349  4358 I LSAPP_LSDet: checkCellPoi : POI entry :Work
12-22 14:57:13.374  4349  4358 I LSAPP_Utils: StringSubset : fuzzy match false : matchcount=0:minsize=0 distinct sets ::{"Lac":"7874","CntryISO":"us","NetTyp":"GSM","NetOp":"310260","Cid":"46087220"}&&{"Lac":"7874","CntryISO":"us","NetTyp":"GSM","NetOp":"310260","Cid":"46087259"}&&{"Lac":"7893","CntryISO":"us","NetTyp":"GSM","NetOp":"310260","Cid":"46083791"} !! {"Lac":"7875","CntryISO":"us","NetTyp":"GSM","NetOp":"310260","Cid":"26443350"}
12-22 14:57:13.374  4349  4358 I LSAPP_LSDet: checkCellPoi : POI entry :Home
12-22 14:57:13.374  4349  4358 I LSAPP_Utils: StringSubset : fuzzy match false : matchcount=0:minsize=0 distinct sets ::{"Lac":"7182","CntryISO":"us","NetTyp":"GSM","NetOp":"310260","Cid":"85405740"} !! {"Lac":"7875","CntryISO":"us","NetTyp":"GSM","NetOp":"310260","Cid":"26443350"}
12-22 14:57:13.374  4349  4358 I LSAPP_LSDet: checkCellPoi : POI entry :R1
